OpenSSH_for_Windows_9.5p2, LibreSSL 3.8.2
debug1: Reading configuration data C:\\Users\\HUAWEI/.ssh/config
debug1: C:\\Users\\HUAWEI/.ssh/config line 1: Applying options for github.com
debug3: Failed to open file:C:/ProgramData/ssh/ssh_config error:2
debug2: resolving "github.com" port 22
debug3: resolve_host: lookup github.com:22
debug3: ssh_connect_direct: entering
debug1: Connecting to github.com [20.205.243.166] port 22.
debug1: Connection established.
debug1: identity file C:\\Users\\HUAWEI\\.ssh\\id_ed25519_github_dnc type 3
debug3: Failed to open file:C:/Users/HUAWEI/.ssh/id_ed25519_github_dnc-cert error:2
debug3: Failed to open file:C:/Users/HUAWEI/.ssh/id_ed25519_github_dnc-cert.pub error:2
debug3: failed to open file:C:/Users/HUAWEI/.ssh/id_ed25519_github_dnc-cert error:2
debug1: identity file C:\\Users\\HUAWEI\\.ssh\\id_ed25519_github_dnc-cert type -1
debug1: Local version string SSH-2.0-OpenSSH_for_Windows_9.5
debug1: Remote protocol version 2.0, remote software version 20b2056
debug1: compat_banner: no match: 20b2056
debug2: fd 3 setting O_NONBLOCK
debug1: Authenticating to github.com:22 as 'git'
debug3: Failed to open file:C:/ProgramData/ssh/ssh_known_hosts error:2
debug1: load_hostkeys: fopen __PROGRAMDATA__\\ssh/ssh_known_hosts: No such file or directory
debug3: Failed to open file:C:/ProgramData/ssh/ssh_known_hosts2 error:2
debug1: load_hostkeys: fopen __PROGRAMDATA__\\ssh/ssh_known_hosts2: No such file or directory
debug3: order_hostkeyalgs: no algorithms matched; accept original
debug3: send packet: type 20
debug1: SSH2_MSG_KEXINIT sent
debug3: receive packet: type 20
debug1: SSH2_MSG_KEXINIT received
debug2: local client KEXINIT proposal
debug2: KEX algorithms: curve25519-sha256,curve25519-sha256@libssh.org,ecdh-sha2-nistp256,ecdh-sha2-nistp384,ecdh-sha2-nistp521,diffie-hellman-group-exchange-sha256,diffie-hellman-group16-sha512,diffie-hellman-group18-sha512,diffie-hellman-group14-sha256,ext-info-c,kex-strict-c-v00@openssh.com
debug2: host key algorithms: ssh-ed25519-cert-v01@openssh.com,ecdsa-sha2-nistp256-cert-v01@openssh.com,ecdsa-sha2-nistp384-cert-v01@openssh.com,ecdsa-sha2-nistp521-cert-v01@openssh.com,sk-ssh-ed25519-cert-v01@openssh.com,sk-ecdsa-sha2-nistp256-cert-v01@openssh.com,rsa-sha2-512-cert-v01@openssh.com,rsa-sha2-256-cert-v01@openssh.com,ssh-ed25519,ecdsa-sha2-nistp256,ecdsa-sha2-nistp384,ecdsa-sha2-nistp521,sk-ssh-ed25519@openssh.com,sk-ecdsa-sha2-nistp256@openssh.com,rsa-sha2-512,rsa-sha2-256
debug2: ciphers ctos: chacha20-poly1305@openssh.com,aes128-ctr,aes192-ctr,aes256-ctr,aes128-gcm@openssh.com,aes256-gcm@openssh.com
debug2: ciphers stoc: chacha20-poly1305@openssh.com,aes128-ctr,aes192-ctr,aes256-ctr,aes128-gcm@openssh.com,aes256-gcm@openssh.com
debug2: MACs ctos: umac-64-etm@openssh.com,umac-128-etm@openssh.com,hmac-sha2-256-etm@openssh.com,hmac-sha2-512-etm@openssh.com,umac-64@openssh.com,umac-128@openssh.com,hmac-sha2-256,hmac-sha2-512
debug2: MACs stoc: umac-64-etm@openssh.com,umac-128-etm@openssh.com,hmac-sha2-256-etm@openssh.com,hmac-sha2-512-etm@openssh.com,umac-64@openssh.com,umac-128@openssh.com,hmac-sha2-256,hmac-sha2-512
debug2: compression ctos: none,zlib@openssh.com,zlib
debug2: compression stoc: none,zlib@openssh.com,zlib
debug2: languages ctos: 
debug2: languages stoc: 
debug2: first_kex_follows 0 
debug2: reserved 0 
debug2: peer server KEXINIT proposal
debug2: KEX algorithms: sntrup761x25519-sha512,sntrup761x25519-sha512@openssh.com,curve25519-sha256,curve25519-sha256@libssh.org,ecdh-sha2-nistp256,ecdh-sha2-nistp384,ecdh-sha2-nistp521,diffie-hellman-group-exchange-sha256,kex-strict-s-v00@openssh.com
debug2: host key algorithms: ssh-ed25519,ecdsa-sha2-nistp256,rsa-sha2-512,rsa-sha2-256,ssh-rsa
debug2: ciphers ctos: chacha20-poly1305@openssh.com,aes256-gcm@openssh.com,aes128-gcm@openssh.com,aes256-ctr,aes192-ctr,aes128-ctr
debug2: ciphers stoc: chacha20-poly1305@openssh.com,aes256-gcm@openssh.com,aes128-gcm@openssh.com,aes256-ctr,aes192-ctr,aes128-ctr
debug2: MACs ctos: hmac-sha2-512-etm@openssh.com,hmac-sha2-256-etm@openssh.com,hmac-sha2-512,hmac-sha2-256
debug2: MACs stoc: hmac-sha2-512-etm@openssh.com,hmac-sha2-256-etm@openssh.com,hmac-sha2-512,hmac-sha2-256
debug2: compression ctos: none,zlib@openssh.com
debug2: compression stoc: none,zlib@openssh.com
debug2: languages ctos: 
debug2: languages stoc: 
debug2: first_kex_follows 0 
debug2: reserved 0 
debug3: kex_choose_conf: will use strict KEX ordering
debug1: kex: algorithm: curve25519-sha256
debug1: kex: host key algorithm: ssh-ed25519
debug1: kex: server->client cipher: chacha20-poly1305@openssh.com MAC: <implicit> compression: none
debug1: kex: client->server cipher: chacha20-poly1305@openssh.com MAC: <implicit> compression: none
debug3: send packet: type 30
debug1: expecting SSH2_MSG_KEX_ECDH_REPLY
debug3: receive packet: type 31
debug1: SSH2_MSG_KEX_ECDH_REPLY received
debug1: Server host key: ssh-ed25519 SHA256:+DiY3wvvV6TuJJhbpZisF/zLDA0zPMSvHdkr4UvCOqU
debug3: Failed to open file:C:/ProgramData/ssh/ssh_known_hosts error:2
debug1: load_hostkeys: fopen __PROGRAMDATA__\\ssh/ssh_known_hosts: No such file or directory
debug3: Failed to open file:C:/ProgramData/ssh/ssh_known_hosts2 error:2
debug1: load_hostkeys: fopen __PROGRAMDATA__\\ssh/ssh_known_hosts2: No such file or directory
Warning: Permanently added 'github.com' (ED25519) to the list of known hosts.
debug3: send packet: type 21
debug1: ssh_packet_send2_wrapped: resetting send seqnr 3
debug2: ssh_set_newkeys: mode 1
debug1: rekey out after 134217728 blocks
debug1: SSH2_MSG_NEWKEYS sent
debug1: expecting SSH2_MSG_NEWKEYS
debug3: receive packet: type 21
debug1: ssh_packet_read_poll2: resetting read seqnr 3
debug1: SSH2_MSG_NEWKEYS received
debug2: ssh_set_newkeys: mode 0
debug1: rekey in after 134217728 blocks
debug3: ssh_get_authentication_socket_path: path '\\\\.\\pipe\\openssh-ssh-agent'
debug3: unable to connect to pipe \\\\.\\pipe\\openssh-ssh-agent, error: 2
debug1: get_agent_identities: ssh_get_authentication_socket: No such file or directory
debug1: Will attempt key: C:\\Users\\HUAWEI\\.ssh\\id_ed25519_github_dnc ED25519 SHA256:izYkTkkrvM8apjrffWSgJydUq62us9P7mW3SCmsfTgk explicit
debug2: pubkey_prepare: done
debug3: send packet: type 5
debug3: receive packet: type 7
debug1: SSH2_MSG_EXT_INFO received
debug1: kex_input_ext_info: server-sig-algs=<ssh-ed25519-cert-v01@openssh.com,ecdsa-sha2-nistp521-cert-v01@openssh.com,ecdsa-sha2-nistp384-cert-v01@openssh.com,ecdsa-sha2-nistp256-cert-v01@openssh.com,sk-ssh-ed25519-cert-v01@openssh.com,sk-ecdsa-sha2-nistp256-cert-v01@openssh.com,rsa-sha2-512-cert-v01@openssh.com,rsa-sha2-256-cert-v01@openssh.com,ssh-rsa-cert-v01@openssh.com,sk-ssh-ed25519@openssh.com,sk-ecdsa-sha2-nistp256@openssh.com,ssh-ed25519,ecdsa-sha2-nistp521,ecdsa-sha2-nistp384,ecdsa-sha2-nistp256,rsa-sha2-512,rsa-sha2-256,ssh-rsa>
debug1: kex_ext_info_check_ver: publickey-hostbound@openssh.com=<0>
debug3: receive packet: type 6
debug2: service_accept: ssh-userauth
debug1: SSH2_MSG_SERVICE_ACCEPT received
debug3: send packet: type 50
debug3: receive packet: type 51
debug1: Authentications that can continue: publickey
debug3: start over, passed a different list publickey
debug3: preferred publickey,keyboard-interactive,password
debug3: authmethod_lookup publickey
debug3: remaining preferred: keyboard-interactive,password
debug3: authmethod_is_enabled publickey
debug1: Next authentication method: publickey
debug1: Offering public key: C:\\Users\\HUAWEI\\.ssh\\id_ed25519_github_dnc ED25519 SHA256:izYkTkkrvM8apjrffWSgJydUq62us9P7mW3SCmsfTgk explicit
debug3: send packet: type 50
debug2: we sent a publickey packet, wait for reply
debug3: receive packet: type 60
debug1: Server accepts key: C:\\Users\\HUAWEI\\.ssh\\id_ed25519_github_dnc ED25519 SHA256:izYkTkkrvM8apjrffWSgJydUq62us9P7mW3SCmsfTgk explicit
debug3: sign_and_send_pubkey: using publickey-hostbound-v00@openssh.com with ED25519 SHA256:izYkTkkrvM8apjrffWSgJydUq62us9P7mW3SCmsfTgk
debug3: sign_and_send_pubkey: signing using ssh-ed25519 SHA256:izYkTkkrvM8apjrffWSgJydUq62us9P7mW3SCmsfTgk
debug3: send packet: type 50
debug3: receive packet: type 52
Authenticated to github.com ([20.205.243.166]:22) using "publickey".
debug2: fd 5 setting O_NONBLOCK
debug2: fd 6 setting O_NONBLOCK
debug1: channel 0: new session [client-session] (inactive timeout: 0)
debug3: ssh_session2_open: channel_new: 0
debug2: channel 0: send open
debug3: send packet: type 90
debug1: Entering interactive session.
debug1: pledge: network
debug3: client_repledge: enter
debug3: receive packet: type 80
debug1: client_input_global_request: rtype hostkeys-00@openssh.com want_reply 0
debug3: receive packet: type 91
debug2: channel_input_open_confirmation: channel 0: callback start
debug2: fd 3 setting TCP_NODELAY
debug2: client_session2_setup: id 0
debug2: channel 0: request shell confirm 1
debug3: send packet: type 98
debug3: client_repledge: enter
debug1: pledge: fork
debug2: channel_input_open_confirmation: channel 0: callback done
debug2: channel 0: open confirm rwindow 32000 rmax 35000
debug3: receive packet: type 99
debug2: channel_input_status_confirm: type 99 id 0
debug2: shell request accepted on channel 0
debug2: channel 0: rcvd ext data 3
debug2: channel 0: rcvd ext data 11
debug2: channel 0: rcvd ext data 2
debug2: channel 0: rcvd ext data 76
debug2: channel 0: rcvd ext data 1
debug3: receive packet: type 98
debug1: client_input_channel_req: channel 0 rtype exit-status reply 0
debug3: receive packet: type 96
debug2: channel 0: rcvd eof
debug2: channel 0: output open -> drain
debug3: receive packet: type 97
debug2: channel 0: rcvd close
debug2: chan_shutdown_read: channel 0: (i0 o1 sock -1 wfd 4 efd 6 [write])
debug2: channel 0: input open -> closed
debug3: channel 0: will not send data after close
debug2: channel 0: obuf_empty delayed efd 6/(93)
Hi Camille1012! You've successfully authenticated, but GitHub does not provide shell access.
debug2: channel 0: written 93 to efd 6
debug3: channel 0: will not send data after close
debug2: channel 0: obuf empty
debug2: chan_shutdown_write: channel 0: (i3 o1 sock -1 wfd 5 efd 6 [write])
debug2: channel 0: output drain -> closed
debug2: channel 0: almost dead
debug2: channel 0: gc: notify user
debug2: channel 0: gc: user detached
debug2: channel 0: send close
debug3: send packet: type 97
debug2: channel 0: is dead
debug2: channel 0: garbage collecting
debug1: channel 0: free: client-session, nchannels 1
debug3: channel 0: status: The following connections are open:
  #0 client-session (t4 [session] r43 i3/0 o3/0 e[write]/0 fd -1/-1/6 sock -1 cc -1 io 0x00/0x00)

debug3: send packet: type 1
Transferred: sent 2112, received 2696 bytes, in 0.8 seconds
Bytes per second: sent 2804.8, received 3580.3
debug1: Exit status 1
